// Jest Snapshot v1, https://goo.gl/fbAQLP

exports[`renders <UsersAssigned /> 1`] = `
<DocumentFragment>
  <section
    class="item"
  >
    <h2
      class="grid-item-title"
    >
      Users Assigned To Organization
    </h2>
    <div
      style="display: flex; justify-content: space-between; align-items: center; padding-bottom: 20px;"
    />
    <div
      class="top-controls"
    >
      <div
        class="css-w4z10b-MuiStack-root"
      >
        <button
          class="MuiButtonBase-root MuiButton-root MuiButton-text MuiButton-textSecondary MuiButton-sizeMedium MuiButton-textSizeMedium MuiButton-root MuiButton-text MuiButton-textSecondary MuiButton-sizeMedium MuiButton-textSizeMedium hover-state css-v87ghe-MuiButtonBase-root-MuiButton-root"
          tabindex="0"
          type="button"
        >
          Users (0) 
          <span
            class="MuiTouchRipple-root css-8je8zh-MuiTouchRipple-root"
          />
        </button>
        <button
          class="MuiButtonBase-root MuiButton-root MuiButton-text MuiButton-textSecondary MuiButton-sizeMedium MuiButton-textSizeMedium MuiButton-root MuiButton-text MuiButton-textSecondary MuiButton-sizeMedium MuiButton-textSizeMedium hover-state css-v87ghe-MuiButtonBase-root-MuiButton-root"
          tabindex="0"
          type="button"
        >
          Roles (0) 
          <span
            class="MuiTouchRipple-root css-8je8zh-MuiTouchRipple-root"
          />
        </button>
        <button
          class="MuiButtonBase-root MuiButton-root MuiButton-text MuiButton-textSecondary MuiButton-sizeMedium MuiButton-textSizeMedium MuiButton-root MuiButton-text MuiButton-textSecondary MuiButton-sizeMedium MuiButton-textSizeMedium hover-state css-v87ghe-MuiButtonBase-root-MuiButton-root"
          tabindex="0"
          type="button"
        >
          Org Profile (0) 
          <span
            class="MuiTouchRipple-root css-8je8zh-MuiTouchRipple-root"
          />
        </button>
      </div>
      <button
        class="MuiButtonBase-root MuiButton-root MuiButton-text MuiButton-textSecondary MuiButton-sizeMedium MuiButton-textSizeMedium MuiButton-root MuiButton-text MuiButton-textSecondary MuiButton-sizeMedium MuiButton-textSizeMedium css-1d3f8j8-MuiButtonBase-root-MuiButton-root"
        tabindex="0"
        type="button"
      >
        Filter By
        <span
          class="MuiButton-endIcon MuiButton-iconSizeMedium css-9tj150-MuiButton-endIcon"
        >
          <svg
            aria-hidden="true"
            class="MuiSvgIcon-root MuiSvgIcon-fontSizeMedium css-i4bv87-MuiSvgIcon-root"
            data-testid="FilterAltIcon"
            focusable="false"
            viewBox="0 0 24 24"
          >
            <path
              d="M4.25 5.61C6.27 8.2 10 13 10 13v6c0 .55.45 1 1 1h2c.55 0 1-.45 1-1v-6s3.72-4.8 5.74-7.39c.51-.66.04-1.61-.79-1.61H5.04c-.83 0-1.3.95-.79 1.61z"
            />
          </svg>
        </span>
        <span
          class="MuiTouchRipple-root css-8je8zh-MuiTouchRipple-root"
        />
      </button>
    </div>
    <div
      class="MuiTableContainer-root css-rorn0c-MuiTableContainer-root"
    >
      <table
        aria-label="incidentId table"
        class="MuiTable-root border table css-rqglhn-MuiTable-root"
      >
        <thead
          class="MuiTableHead-root css-15wwp11-MuiTableHead-root"
        >
          <tr
            class="MuiTableRow-root MuiTableRow-head css-ubb257-MuiTableRow-root"
          >
            <th
              class="MuiTableCell-root MuiTableCell-head MuiTableCell-sizeMedium css-1p6fnva-MuiTableCell-root"
              scope="col"
            >
              First Name
            </th>
            <th
              class="MuiTableCell-root MuiTableCell-head MuiTableCell-sizeMedium css-yanhwr-MuiTableCell-root"
              scope="col"
            >
              Last Name
            </th>
            <th
              class="MuiTableCell-root MuiTableCell-head MuiTableCell-sizeMedium css-yanhwr-MuiTableCell-root"
              scope="col"
            >
              Business Email
            </th>
            <th
              class="MuiTableCell-root MuiTableCell-head MuiTableCell-sizeMedium css-hsoe6c-MuiTableCell-root"
              scope="col"
            >
              Roles
            </th>
            <th
              class="MuiTableCell-root MuiTableCell-head MuiTableCell-sizeMedium css-hsoe6c-MuiTableCell-root"
              scope="col"
            >
              Organization
            </th>
            <th
              class="MuiTableCell-root MuiTableCell-head MuiTableCell-sizeMedium css-hsoe6c-MuiTableCell-root"
              scope="col"
            >
              Last Log In
            </th>
          </tr>
        </thead>
        <tbody
          class="MuiTableBody-root css-apqrd9-MuiTableBody-root"
        />
      </table>
    </div>
    <div
      class="bottom-control"
    >
      <div
        class="MuiFormGroup-root css-dmmspl-MuiFormGroup-root"
      >
        <label
          class="MuiFormControlLabel-root MuiFormControlLabel-labelPlacementEnd css-j204z7-MuiFormControlLabel-root"
          style="color: white; font-family: Graphik; font-style: normal; font-weight: 500;"
        >
          <span
            class="MuiButtonBase-root MuiCheckbox-root MuiCheckbox-colorDefault PrivateSwitchBase-root MuiCheckbox-root MuiCheckbox-colorDefault MuiCheckbox-root MuiCheckbox-colorDefault css-dk24d0-MuiButtonBase-root-MuiCheckbox-root"
          >
            <input
              class="PrivateSwitchBase-input css-1m9pwf3"
              data-indeterminate="false"
              type="checkbox"
            />
            <svg
              aria-hidden="true"
              class="MuiSvgIcon-root MuiSvgIcon-fontSizeMedium css-i4bv87-MuiSvgIcon-root"
              data-testid="CheckBoxOutlineBlankIcon"
              focusable="false"
              viewBox="0 0 24 24"
            >
              <path
                d="M19 5v14H5V5h14m0-2H5c-1.1 0-2 .9-2 2v14c0 1.1.9 2 2 2h14c1.1 0 2-.9 2-2V5c0-1.1-.9-2-2-2z"
              />
            </svg>
            <span
              class="MuiTouchRipple-root css-8je8zh-MuiTouchRipple-root"
            />
          </span>
          <span
            class="MuiTypography-root MuiTypography-body1 MuiFormControlLabel-label css-ahj2mt-MuiTypography-root"
          >
            Show Deactivated
          </span>
        </label>
      </div>
      <span
        class="row-count"
      >
        Showing: 0 of 0
      </span>
      <button
        class="MuiButtonBase-root MuiButton-root MuiButton-outlined MuiButton-outlinedSecondary MuiButton-sizeMedium MuiButton-outlinedSizeMedium MuiButton-root MuiButton-outlined MuiButton-outlinedSecondary MuiButton-sizeMedium MuiButton-outlinedSizeMedium css-16d6pf0-MuiButtonBase-root-MuiButton-root"
        tabindex="0"
        type="button"
      >
        View All
        <span
          class="MuiTouchRipple-root css-8je8zh-MuiTouchRipple-root"
        />
      </button>
    </div>
  </section>
</DocumentFragment>
`;
