// Jest Snapshot v1, https://goo.gl/fbAQLP

exports[`renders <Dashboard/> 1`] = `
<DocumentFragment>
  <section
    class="dashboard"
  >
    <div
      style="font-family: Graphik; font-style: normal; font-weight: 300; font-size: 26px; padding-bottom: 19px; color: white;"
    >
      Good day, Alex
    </div>
    <div>
      Some Chart Component
    </div>
  </section>
</DocumentFragment>
`;
