// Jest Snapshot v1, https://goo.gl/fbAQLP

exports[`renders <App /> 1`] = `
<DocumentFragment>
  <div
    class="app"
  >
    <header
      class="header"
    >
      <h1
        class="title"
      >
        Managed Security Services
      </h1>
      <input
        class="search-bar"
        placeholder="Search for accounts, incidents, requests, and more... "
        title="search-bar"
        type="text"
      />
      <div
        class="buttons"
      >
        <button
          class="MuiButtonBase-root MuiButton-root MuiButton-outlined MuiButton-outlinedSecondary MuiButton-sizeMedium MuiButton-outlinedSizeMedium MuiButton-root MuiButton-outlined MuiButton-outlinedSecondary MuiButton-sizeMedium MuiButton-outlinedSizeMedium css-kbxod8-MuiButtonBase-root-MuiButton-root"
          tabindex="0"
          type="button"
        >
          CSS Experience
          <span
            class="MuiTouchRipple-root css-8je8zh-MuiTouchRipple-root"
          />
        </button>
        <button
          aria-label="settings"
          class="MuiButtonBase-root MuiIconButton-root MuiIconButton-colorSecondary MuiIconButton-sizeMedium css-1xowyia-MuiButtonBase-root-MuiIconButton-root"
          tabindex="0"
          type="button"
        >
          <svg
            aria-hidden="true"
            class="MuiSvgIcon-root MuiSvgIcon-fontSizeMedium css-i4bv87-MuiSvgIcon-root"
            data-testid="SettingsIcon"
            focusable="false"
            viewBox="0 0 24 24"
          >
            <path
              d="M19.14 12.94c.04-.3.06-.61.06-.94 0-.32-.02-.64-.07-.94l2.03-1.58c.18-.14.23-.41.12-.61l-1.92-3.32c-.12-.22-.37-.29-.59-.22l-2.39.96c-.5-.38-1.03-.7-1.62-.94l-.36-2.54c-.04-.24-.24-.41-.48-.41h-3.84c-.24 0-.43.17-.47.41l-.36 2.54c-.59.24-1.13.57-1.62.94l-2.39-.96c-.22-.08-.47 0-.59.22L2.74 8.87c-.12.21-.08.47.12.61l2.03 1.58c-.05.3-.09.63-.09.94s.02.64.07.94l-2.03 1.58c-.18.14-.23.41-.12.61l1.92 3.32c.12.22.37.29.59.22l2.39-.96c.5.38 1.03.7 1.62.94l.36 2.54c.05.24.24.41.48.41h3.84c.24 0 .44-.17.47-.41l.36-2.54c.59-.24 1.13-.56 1.62-.94l2.39.96c.22.08.47 0 .59-.22l1.92-3.32c.12-.22.07-.47-.12-.61l-2.01-1.58zM12 15.6c-1.98 0-3.6-1.62-3.6-3.6s1.62-3.6 3.6-3.6 3.6 1.62 3.6 3.6-1.62 3.6-3.6 3.6z"
            />
          </svg>
          <span
            class="MuiTouchRipple-root css-8je8zh-MuiTouchRipple-root"
          />
        </button>
        <button
          aria-label="notifications"
          class="MuiButtonBase-root MuiIconButton-root MuiIconButton-colorSecondary MuiIconButton-sizeMedium css-1xowyia-MuiButtonBase-root-MuiIconButton-root"
          tabindex="0"
          type="button"
        >
          <svg
            aria-hidden="true"
            class="MuiSvgIcon-root MuiSvgIcon-fontSizeMedium css-i4bv87-MuiSvgIcon-root"
            data-testid="NotificationsIcon"
            focusable="false"
            viewBox="0 0 24 24"
          >
            <path
              d="M12 22c1.1 0 2-.9 2-2h-4c0 1.1.89 2 2 2zm6-6v-5c0-3.07-1.64-5.64-4.5-6.32V4c0-.83-.67-1.5-1.5-1.5s-1.5.67-1.5 1.5v.68C7.63 5.36 6 7.92 6 11v5l-2 2v1h16v-1l-2-2z"
            />
          </svg>
          <span
            class="MuiTouchRipple-root css-8je8zh-MuiTouchRipple-root"
          />
        </button>
        <button
          class="MuiButtonBase-root MuiButton-root MuiButton-outlined MuiButton-outlinedSecondary MuiButton-sizeMedium MuiButton-outlinedSizeMedium MuiButton-root MuiButton-outlined MuiButton-outlinedSecondary MuiButton-sizeMedium MuiButton-outlinedSizeMedium css-22oqu9-MuiButtonBase-root-MuiButton-root"
          tabindex="0"
          type="button"
        >
          <span
            class="MuiButton-startIcon MuiButton-iconSizeMedium css-1d6wzja-MuiButton-startIcon"
          >
            <svg
              aria-hidden="true"
              class="MuiSvgIcon-root MuiSvgIcon-fontSizeMedium css-i4bv87-MuiSvgIcon-root"
              data-testid="PersonIcon"
              focusable="false"
              viewBox="0 0 24 24"
            >
              <path
                d="M12 12c2.21 0 4-1.79 4-4s-1.79-4-4-4-4 1.79-4 4 1.79 4 4 4zm0 2c-2.67 0-8 1.34-8 4v2h16v-2c0-2.66-5.33-4-8-4z"
              />
            </svg>
          </span>
          <span
            class="MuiTouchRipple-root css-8je8zh-MuiTouchRipple-root"
          />
        </button>
      </div>
    </header>
    <main
      class="main"
    >
      <section
        class="dashboard"
      >
        <div
          style="font-family: Graphik; font-style: normal; font-weight: 300; font-size: 26px; padding-bottom: 19px; color: white;"
        >
          Good day, Tom
        </div>
      </section>
    </main>
    <nav
      class="nav"
    >
      <div
        class="MuiDrawer-root MuiDrawer-docked css-1b9bw63-MuiDrawer-docked"
      >
        <div
          class="MuiPaper-root MuiPaper-elevation MuiPaper-elevation0 MuiDrawer-paper MuiDrawer-paperAnchorLeft MuiDrawer-paperAnchorDockedLeft css-15b8vjn-MuiPaper-root-MuiDrawer-paper"
        >
          <img
            alt="Accenture Logo"
            src="accLogoWhite.svg"
            style="width: 120px; height: 32px; margin-bottom: 30px; margin-left: 15px;"
          />
          <ul
            class="MuiList-root MuiList-padding css-h4y409-MuiList-root"
          >
            <li
              class="MuiListItem-root MuiListItem-gutters css-1ayv114-MuiListItem-root"
            >
              <a
                class="MuiButtonBase-root MuiListItemButton-root MuiListItemButton-gutters MuiListItemButton-root MuiListItemButton-gutters css-ov8sn-MuiButtonBase-root-MuiListItemButton-root"
                href="/AdminDash"
                style="height: 30px; margin-bottom: 10px;"
                tabindex="0"
              >
                <div
                  class="MuiListItemIcon-root css-qklaqr-MuiListItemIcon-root"
                  style="color: white;"
                >
                  <svg
                    aria-hidden="true"
                    class="MuiSvgIcon-root MuiSvgIcon-fontSizeMedium css-i4bv87-MuiSvgIcon-root"
                    data-testid="GridViewRoundedIcon"
                    focusable="false"
                    viewBox="0 0 24 24"
                  >
                    <path
                      d="M5 11h4c1.1 0 2-.9 2-2V5c0-1.1-.9-2-2-2H5c-1.1 0-2 .9-2 2v4c0 1.1.9 2 2 2zm0 10h4c1.1 0 2-.9 2-2v-4c0-1.1-.9-2-2-2H5c-1.1 0-2 .9-2 2v4c0 1.1.9 2 2 2zm8-16v4c0 1.1.9 2 2 2h4c1.1 0 2-.9 2-2V5c0-1.1-.9-2-2-2h-4c-1.1 0-2 .9-2 2zm2 16h4c1.1 0 2-.9 2-2v-4c0-1.1-.9-2-2-2h-4c-1.1 0-2 .9-2 2v4c0 1.1.9 2 2 2z"
                    />
                  </svg>
                </div>
                <div
                  class="MuiListItemText-root css-tlelie-MuiListItemText-root"
                  style="color: white;"
                >
                  <span
                    class="MuiTypography-root MuiTypography-body1 MuiListItemText-primary css-10hburv-MuiTypography-root"
                  >
                    Client Admin
                  </span>
                </div>
                <span
                  class="MuiTouchRipple-root css-8je8zh-MuiTouchRipple-root"
                />
              </a>
            </li>
            <li
              class="MuiListItem-root MuiListItem-gutters css-1ayv114-MuiListItem-root"
            >
              <a
                class="MuiButtonBase-root MuiListItemButton-root MuiListItemButton-gutters MuiListItemButton-root MuiListItemButton-gutters css-ov8sn-MuiButtonBase-root-MuiListItemButton-root"
                href="/AnalystDash"
                style="height: 30px; margin-bottom: 10px;"
                tabindex="0"
              >
                <div
                  class="MuiListItemIcon-root css-qklaqr-MuiListItemIcon-root"
                  style="color: white;"
                >
                  <svg
                    aria-hidden="true"
                    class="MuiSvgIcon-root MuiSvgIcon-fontSizeMedium css-i4bv87-MuiSvgIcon-root"
                    data-testid="GridViewRoundedIcon"
                    focusable="false"
                    viewBox="0 0 24 24"
                  >
                    <path
                      d="M5 11h4c1.1 0 2-.9 2-2V5c0-1.1-.9-2-2-2H5c-1.1 0-2 .9-2 2v4c0 1.1.9 2 2 2zm0 10h4c1.1 0 2-.9 2-2v-4c0-1.1-.9-2-2-2H5c-1.1 0-2 .9-2 2v4c0 1.1.9 2 2 2zm8-16v4c0 1.1.9 2 2 2h4c1.1 0 2-.9 2-2V5c0-1.1-.9-2-2-2h-4c-1.1 0-2 .9-2 2zm2 16h4c1.1 0 2-.9 2-2v-4c0-1.1-.9-2-2-2h-4c-1.1 0-2 .9-2 2v4c0 1.1.9 2 2 2z"
                    />
                  </svg>
                </div>
                <div
                  class="MuiListItemText-root css-tlelie-MuiListItemText-root"
                  style="color: white;"
                >
                  <span
                    class="MuiTypography-root MuiTypography-body1 MuiListItemText-primary css-10hburv-MuiTypography-root"
                  >
                    Client Analyst
                  </span>
                </div>
                <span
                  class="MuiTouchRipple-root css-8je8zh-MuiTouchRipple-root"
                />
              </a>
            </li>
            <li
              class="MuiListItem-root MuiListItem-gutters css-1ayv114-MuiListItem-root"
            >
              <a
                class="MuiButtonBase-root MuiListItemButton-root MuiListItemButton-gutters MuiListItemButton-root MuiListItemButton-gutters css-ov8sn-MuiButtonBase-root-MuiListItemButton-root"
                href="/EngineerDash"
                style="height: 30px; margin-bottom: 10px;"
                tabindex="0"
              >
                <div
                  class="MuiListItemIcon-root css-qklaqr-MuiListItemIcon-root"
                  style="color: white;"
                >
                  <svg
                    aria-hidden="true"
                    class="MuiSvgIcon-root MuiSvgIcon-fontSizeMedium css-i4bv87-MuiSvgIcon-root"
                    data-testid="GridViewRoundedIcon"
                    focusable="false"
                    viewBox="0 0 24 24"
                  >
                    <path
                      d="M5 11h4c1.1 0 2-.9 2-2V5c0-1.1-.9-2-2-2H5c-1.1 0-2 .9-2 2v4c0 1.1.9 2 2 2zm0 10h4c1.1 0 2-.9 2-2v-4c0-1.1-.9-2-2-2H5c-1.1 0-2 .9-2 2v4c0 1.1.9 2 2 2zm8-16v4c0 1.1.9 2 2 2h4c1.1 0 2-.9 2-2V5c0-1.1-.9-2-2-2h-4c-1.1 0-2 .9-2 2zm2 16h4c1.1 0 2-.9 2-2v-4c0-1.1-.9-2-2-2h-4c-1.1 0-2 .9-2 2v4c0 1.1.9 2 2 2z"
                    />
                  </svg>
                </div>
                <div
                  class="MuiListItemText-root css-tlelie-MuiListItemText-root"
                  style="color: white;"
                >
                  <span
                    class="MuiTypography-root MuiTypography-body1 MuiListItemText-primary css-10hburv-MuiTypography-root"
                  >
                    Network Engineer
                  </span>
                </div>
                <span
                  class="MuiTouchRipple-root css-8je8zh-MuiTouchRipple-root"
                />
              </a>
            </li>
          </ul>
        </div>
      </div>
    </nav>
  </div>
</DocumentFragment>
`;
